This is your command line, a safe place to practice & complete the scenario

$ git init
Initialized empty Git repository in /home/scrapbook/tutorial/.git/
$ ls -a
.  ..  .git
$ ls
$ git status
On branch master

No commits yet

Untracked files:
  (use "git add <file>..." to include in what will be committed)

        hello-world.js

nothing added to commit but untracked files present (use "git add" to track)
$ git add hello-world.js 
$ git status
On branch master

No commits yet

Changes to be committed:
  (use "git rm --cached <file>..." to unstage)

        new file:   hello-world.js

$ git commit -m "commit message"
[master (root-commit) e6641eb] commit message
 1 file changed, 1 insertion(+)
 create mode 100644 hello-world.js
$ git status
On branch master
nothing to commit, working tree clean
$ ls
hello-world.js
$ ls -a
.  ..  .git  hello-world.js
$ touch .gitignore
$ ls
hello-world.js
$ ls -a
.  ..  .git  .gitignore  hello-world.js
$ git add .gitignore
$ git commit -m "gitignore file commited"
[master 259a9fa] gitignore file commited
 1 file changed, 0 insertions(+), 0 deletions(-)
 create mode 100644 .gitignore
$ echo "*.tmp" > .gitignore
$ cat .gitignore
*.tmp
$ git add .gitignore
$ git commit -m "gitignore file"
[master 064df0f] gitignore file
 1 file changed, 1 insertion(+)
$ git status
On branch master
nothing to commit, working tree clean
$ ls -a
.  ..  .git  .gitignore  hello-world.js